python : C:\AI soc ana
lyst\app\services\prep
rocessing.py:124: 
FutureWarning: DataFra
meGroupBy.apply 
operated on the 
grouping columns. 
This behavior is 
deprecated, and in a 
future version of 
pandas the grouping 
columns will be 
excluded from the 
operation. Either 
pass `include_groups=F
alse` to exclude the 
groupings or 
explicitly select the 
grouping columns 
after groupby to 
silence this warning.
At line:1 char:1
+ python scripts/verif
y_pipeline.py > 
test_output.txt 2>&1
+ ~~~~~~~~~~~~~~~~~~~~
~~~~~~~~~~~~~~~~~~~~~~
~~~~~~~~~~~~~~
    + CategoryInfo    
          : NotSpeci  
  fied: (C:\AI soc    
 analy...e this wa    
rning.:String) []    
, RemoteException
    + FullyQualifiedE 
   rrorId : NativeCo  
  mmandError
 
  gap_series = grouped
.apply(_avg_time_gap_s
econds)
C:\AI soc analyst\app\
services\preprocessing
.py:56: UserWarning: 
Could not infer 
format, so each 
element will be 
parsed individually, 
falling back to 
`dateutil`. To ensure 
parsing is consistent 
and as-expected, 
please specify a 
format.
  df["timestamp"] = pd
.to_datetime(df["times
tamp"], 
errors="coerce")
C:\AI soc analyst\app\
services\preprocessing
.py:124: 
FutureWarning: DataFra
meGroupBy.apply 
operated on the 
grouping columns. 
This behavior is 
deprecated, and in a 
future version of 
pandas the grouping 
columns will be 
excluded from the 
operation. Either 
pass `include_groups=F
alse` to exclude the 
groupings or 
explicitly select the 
grouping columns 
after groupby to 
silence this warning.
  gap_series = grouped
.apply(_avg_time_gap_s
econds)

--- Testing: variants ---
Success: Pipeline completed.
Result shape: (2, 12)

--- Testing: bad_times ---
Caught expected error: Timestamp parsing failed for all rows. Check date format.

--- Testing: empty ---
Caught expected error: The uploaded CSV file is empty.

--- Testing: missing_cols ---
Caught expected error: Dataset missing required columns: {'timestamp', 'endpoint', 'ip', 'status'}. Please ensure your CSV has: ip, timestamp, status, and endpoint.

--- Testing: single_row ---
Success: Pipeline completed.
Result shape: (1, 12)
